// Jest Snapshot v1, https://goo.gl/fbAQLP

exports[`should render AddExpensePage correctly 1`] = `
ShallowWrapper {
  "complexSelector": ComplexSelector {
    "buildPredicate": [Function],
    "childrenOfNode": [Function],
    "findWhereUnwrapped": [Function],
  },
  "length": 1,
  "node": <div>
    <h1>
        Add Expense
    </h1>
    <ExpenseForm
        onSubmit={[Function]}
    />
</div>,
  "nodes": Array [
    <div>
      <h1>
            Add Expense
      </h1>
      <ExpenseForm
            onSubmit={[Function]}
      />
</div>,
  ],
  "options": Object {},
  "renderer": ReactShallowRenderer {
    "_context": Object {},
    "_element": <AddExpensePage
      addExpense={[Function]}
      history={
            Object {
                  "push": [Function],
                }
      }
/>,
    "_instance": AddExpensePage {
      "context": Object {},
      "onSubmit": [Function],
      "props": Object {
        "addExpense": [Function],
        "history": Object {
          "push": [Function],
        },
      },
      "refs": Object {},
      "state": Object {},
      "updater": Updater {
        "_renderer": [Circular],
      },
    },
    "_newState": null,
    "_rendered": <div>
      <h1>
            Add Expense
      </h1>
      <ExpenseForm
            onSubmit={[Function]}
      />
</div>,
    "_rendering": false,
    "_updater": Updater {
      "_renderer": [Circular],
    },
    "getRenderOutput": [Function],
    "render": [Function],
  },
  "root": [Circular],
  "unrendered": <AddExpensePage
    addExpense={[Function]}
    history={
        Object {
            "push": [Function],
          }
    }
/>,
}
`;
