// Jest Snapshot v1, https://goo.gl/fbAQLP

exports[`should render AddExpensePage correctly 1`] = `
ShallowWrapper {
  "complexSelector": ComplexSelector {
    "buildPredicate": [Function],
    "childrenOfNode": [Function],
    "findWhereUnwrapped": [Function],
  },
  "length": 1,
  "node": <div>
    <div
        className="page-header"
    >
        <div
            className="content-container"
        >
            <h1
                className="page-header__title"
            >
                Add Expense
            </h1>
        </div>
    </div>
    <div
        className="content-container"
    >
        <ExpenseForm
            onSubmit={[Function]}
        />
    </div>
</div>,
  "nodes": Array [
    <div>
      <div
            className="page-header"
      >
            <div
                  className="content-container"
            >
                  <h1
                        className="page-header__title"
                  >
                        Add Expense
                  </h1>
            </div>
      </div>
      <div
            className="content-container"
      >
            <ExpenseForm
                  onSubmit={[Function]}
            />
      </div>
</div>,
  ],
  "options": Object {},
  "renderer": ReactShallowRenderer {
    "_context": Object {},
    "_element": <AddExpensePage
      history={
            Object {
                  "push": [Function],
                }
      }
      startAddExpense={[Function]}
/>,
    "_instance": AddExpensePage {
      "context": Object {},
      "onSubmit": [Function],
      "props": Object {
        "history": Object {
          "push": [Function],
        },
        "startAddExpense": [Function],
      },
      "refs": Object {},
      "state": Object {},
      "updater": Updater {
        "_renderer": [Circular],
      },
    },
    "_newState": null,
    "_rendered": <div>
      <div
            className="page-header"
      >
            <div
                  className="content-container"
            >
                  <h1
                        className="page-header__title"
                  >
                        Add Expense
                  </h1>
            </div>
      </div>
      <div
            className="content-container"
      >
            <ExpenseForm
                  onSubmit={[Function]}
            />
      </div>
</div>,
    "_rendering": false,
    "_updater": Updater {
      "_renderer": [Circular],
    },
    "getRenderOutput": [Function],
    "render": [Function],
  },
  "root": [Circular],
  "unrendered": <AddExpensePage
    history={
        Object {
            "push": [Function],
          }
    }
    startAddExpense={[Function]}
/>,
}
`;
