// Jest Snapshot v1, https://goo.gl/fbAQLP

exports[`should render Header correctly 1`] = `
ShallowWrapper {
  "complexSelector": ComplexSelector {
    "buildPredicate": [Function],
    "childrenOfNode": [Function],
    "findWhereUnwrapped": [Function],
  },
  "length": 1,
  "node": <header
    className="header"
>
    <div
        className="content-container"
    >
        <div
            className="header__content"
        >
            <Link
                className="header__title"
                replace={false}
                to="/dashboard"
            >
                <h1>
                    Expensify
                </h1>
            </Link>
            <button
                className="button button--link"
                onClick={[Function]}
            >
                Logout
            </button>
        </div>
    </div>
</header>,
  "nodes": Array [
    <header
      className="header"
>
      <div
            className="content-container"
      >
            <div
                  className="header__content"
            >
                  <Link
                        className="header__title"
                        replace={false}
                        to="/dashboard"
                  >
                        <h1>
                              Expensify
                        </h1>
                  </Link>
                  <button
                        className="button button--link"
                        onClick={[Function]}
                  >
                        Logout
                  </button>
            </div>
      </div>
</header>,
  ],
  "options": Object {},
  "renderer": ReactShallowRenderer {
    "_context": Object {},
    "_element": <Header
      startLogout={[Function]}
/>,
    "_instance": null,
    "_newState": null,
    "_rendered": <header
      className="header"
>
      <div
            className="content-container"
      >
            <div
                  className="header__content"
            >
                  <Link
                        className="header__title"
                        replace={false}
                        to="/dashboard"
                  >
                        <h1>
                              Expensify
                        </h1>
                  </Link>
                  <button
                        className="button button--link"
                        onClick={[Function]}
                  >
                        Logout
                  </button>
            </div>
      </div>
</header>,
    "_rendering": false,
    "_updater": Updater {
      "_renderer": [Circular],
    },
    "getRenderOutput": [Function],
    "render": [Function],
  },
  "root": [Circular],
  "unrendered": <Header
    startLogout={[Function]}
/>,
}
`;
