// Jest Snapshot v1, https://goo.gl/fbAQLP

exports[`should correctly render LoginPage 1`] = `
ShallowWrapper {
  "complexSelector": ComplexSelector {
    "buildPredicate": [Function],
    "childrenOfNode": [Function],
    "findWhereUnwrapped": [Function],
  },
  "length": 1,
  "node": <div
    className="box-layout"
>
    <div
        className="box-layout__box"
    >
        <h1
            className="box-layout__title"
        >
            Expensify
        </h1>
        <p>
            Its time to get your expenses under control.
        </p>
        <button
            className="button"
            onClick={undefined}
        >
            Login with Google
        </button>
    </div>
</div>,
  "nodes": Array [
    <div
      className="box-layout"
>
      <div
            className="box-layout__box"
      >
            <h1
                  className="box-layout__title"
            >
                  Expensify
            </h1>
            <p>
                  Its time to get your expenses under control.
            </p>
            <button
                  className="button"
                  onClick={undefined}
            >
                  Login with Google
            </button>
      </div>
</div>,
  ],
  "options": Object {},
  "renderer": ReactShallowRenderer {
    "_context": Object {},
    "_element": <LoginPage />,
    "_instance": null,
    "_newState": null,
    "_rendered": <div
      className="box-layout"
>
      <div
            className="box-layout__box"
      >
            <h1
                  className="box-layout__title"
            >
                  Expensify
            </h1>
            <p>
                  Its time to get your expenses under control.
            </p>
            <button
                  className="button"
                  onClick={undefined}
            >
                  Login with Google
            </button>
      </div>
</div>,
    "_rendering": false,
    "_updater": Updater {
      "_renderer": [Circular],
    },
    "getRenderOutput": [Function],
    "render": [Function],
  },
  "root": [Circular],
  "unrendered": <LoginPage />,
}
`;
